../Core/Src/main.c:67:6:bootloader_main	16	static
../Core/Src/main.c:96:1:__io_putchar	16	static
../Core/Src/main.c:108:5:main	8	static
../Core/Src/main.c:157:6:SystemClock_Config	88	static
../Core/Src/main.c:212:13:MX_CRC_Init	8	static
../Core/Src/main.c:238:13:MX_UART5_Init	8	static
../Core/Src/main.c:271:13:MX_USART2_UART_Init	8	static
../Core/Src/main.c:304:13:MX_USART3_UART_Init	8	static
../Core/Src/main.c:337:13:MX_GPIO_Init	48	static
../Core/Src/main.c:377:6:Error_Handler	4	static,ignoring_inline_asm
