Archive member included to satisfy reference by file (symbol)

C:/ST/STM32CubeIDE_1.16.1/STM32CubeIDE/plugins/com.st.stm32cube.ide.mcu.externaltools.gnu-tools-for-stm32.13.3.rel1.win32_1.0.0.202411081344/tools/bin/../lib/gcc/arm-none-eabi/13.3.1/../../../../arm-none-eabi/lib/thumb/v6-m/nofp\libc_nano.a(libc_a-exit.o)
                              C:/ST/STM32CubeIDE_1.16.1/STM32CubeIDE/plugins/com.st.stm32cube.ide.mcu.externaltools.gnu-tools-for-stm32.13.3.rel1.win32_1.0.0.202411081344/tools/bin/../lib/gcc/arm-none-eabi/13.3.1/../../../../arm-none-eabi/lib/thumb/v6-m/nofp/crt0.o (exit)
C:/ST/STM32CubeIDE_1.16.1/STM32CubeIDE/plugins/com.st.stm32cube.ide.mcu.externaltools.gnu-tools-for-stm32.13.3.rel1.win32_1.0.0.202411081344/tools/bin/../lib/gcc/arm-none-eabi/13.3.1/../../../../arm-none-eabi/lib/thumb/v6-m/nofp\libc_nano.a(libc_a-findfp.o)
                              C:/ST/STM32CubeIDE_1.16.1/STM32CubeIDE/plugins/com.st.stm32cube.ide.mcu.externaltools.gnu-tools-for-stm32.13.3.rel1.win32_1.0.0.202411081344/tools/bin/../lib/gcc/arm-none-eabi/13.3.1/../../../../arm-none-eabi/lib/thumb/v6-m/nofp\libc_nano.a(libc_a-exit.o) (__stdio_exit_handler)
C:/ST/STM32CubeIDE_1.16.1/STM32CubeIDE/plugins/com.st.stm32cube.ide.mcu.externaltools.gnu-tools-for-stm32.13.3.rel1.win32_1.0.0.202411081344/tools/bin/../lib/gcc/arm-none-eabi/13.3.1/../../../../arm-none-eabi/lib/thumb/v6-m/nofp\libc_nano.a(libc_a-fwalk.o)
                              C:/ST/STM32CubeIDE_1.16.1/STM32CubeIDE/plugins/com.st.stm32cube.ide.mcu.externaltools.gnu-tools-for-stm32.13.3.rel1.win32_1.0.0.202411081344/tools/bin/../lib/gcc/arm-none-eabi/13.3.1/../../../../arm-none-eabi/lib/thumb/v6-m/nofp\libc_nano.a(libc_a-findfp.o) (_fwalk_sglue)
C:/ST/STM32CubeIDE_1.16.1/STM32CubeIDE/plugins/com.st.stm32cube.ide.mcu.externaltools.gnu-tools-for-stm32.13.3.rel1.win32_1.0.0.202411081344/tools/bin/../lib/gcc/arm-none-eabi/13.3.1/../../../../arm-none-eabi/lib/thumb/v6-m/nofp\libc_nano.a(libc_a-stdio.o)
                              C:/ST/STM32CubeIDE_1.16.1/STM32CubeIDE/plugins/com.st.stm32cube.ide.mcu.externaltools.gnu-tools-for-stm32.13.3.rel1.win32_1.0.0.202411081344/tools/bin/../lib/gcc/arm-none-eabi/13.3.1/../../../../arm-none-eabi/lib/thumb/v6-m/nofp\libc_nano.a(libc_a-findfp.o) (__sread)
C:/ST/STM32CubeIDE_1.16.1/STM32CubeIDE/plugins/com.st.stm32cube.ide.mcu.externaltools.gnu-tools-for-stm32.13.3.rel1.win32_1.0.0.202411081344/tools/bin/../lib/gcc/arm-none-eabi/13.3.1/../../../../arm-none-eabi/lib/thumb/v6-m/nofp\libc_nano.a(libc_a-memset.o)
                              C:/ST/STM32CubeIDE_1.16.1/STM32CubeIDE/plugins/com.st.stm32cube.ide.mcu.externaltools.gnu-tools-for-stm32.13.3.rel1.win32_1.0.0.202411081344/tools/bin/../lib/gcc/arm-none-eabi/13.3.1/../../../../arm-none-eabi/lib/thumb/v6-m/nofp/crt0.o (memset)
C:/ST/STM32CubeIDE_1.16.1/STM32CubeIDE/plugins/com.st.stm32cube.ide.mcu.externaltools.gnu-tools-for-stm32.13.3.rel1.win32_1.0.0.202411081344/tools/bin/../lib/gcc/arm-none-eabi/13.3.1/../../../../arm-none-eabi/lib/thumb/v6-m/nofp\libc_nano.a(libc_a-closer.o)
                              C:/ST/STM32CubeIDE_1.16.1/STM32CubeIDE/plugins/com.st.stm32cube.ide.mcu.externaltools.gnu-tools-for-stm32.13.3.rel1.win32_1.0.0.202411081344/tools/bin/../lib/gcc/arm-none-eabi/13.3.1/../../../../arm-none-eabi/lib/thumb/v6-m/nofp\libc_nano.a(libc_a-stdio.o) (_close_r)
C:/ST/STM32CubeIDE_1.16.1/STM32CubeIDE/plugins/com.st.stm32cube.ide.mcu.externaltools.gnu-tools-for-stm32.13.3.rel1.win32_1.0.0.202411081344/tools/bin/../lib/gcc/arm-none-eabi/13.3.1/../../../../arm-none-eabi/lib/thumb/v6-m/nofp\libc_nano.a(libc_a-reent.o)
                              C:/ST/STM32CubeIDE_1.16.1/STM32CubeIDE/plugins/com.st.stm32cube.ide.mcu.externaltools.gnu-tools-for-stm32.13.3.rel1.win32_1.0.0.202411081344/tools/bin/../lib/gcc/arm-none-eabi/13.3.1/../../../../arm-none-eabi/lib/thumb/v6-m/nofp\libc_nano.a(libc_a-closer.o) (errno)
C:/ST/STM32CubeIDE_1.16.1/STM32CubeIDE/plugins/com.st.stm32cube.ide.mcu.externaltools.gnu-tools-for-stm32.13.3.rel1.win32_1.0.0.202411081344/tools/bin/../lib/gcc/arm-none-eabi/13.3.1/../../../../arm-none-eabi/lib/thumb/v6-m/nofp\libc_nano.a(libc_a-impure.o)
                              C:/ST/STM32CubeIDE_1.16.1/STM32CubeIDE/plugins/com.st.stm32cube.ide.mcu.externaltools.gnu-tools-for-stm32.13.3.rel1.win32_1.0.0.202411081344/tools/bin/../lib/gcc/arm-none-eabi/13.3.1/../../../../arm-none-eabi/lib/thumb/v6-m/nofp\libc_nano.a(libc_a-reent.o) (_impure_ptr)
C:/ST/STM32CubeIDE_1.16.1/STM32CubeIDE/plugins/com.st.stm32cube.ide.mcu.externaltools.gnu-tools-for-stm32.13.3.rel1.win32_1.0.0.202411081344/tools/bin/../lib/gcc/arm-none-eabi/13.3.1/../../../../arm-none-eabi/lib/thumb/v6-m/nofp\libc_nano.a(libc_a-lseekr.o)
[...]
Memory Configuration

Name             Origin             Length             Attributes
RAM              0x20000000         0x00005000         xrw
FLASH            0x08000000         0x00006000         xr
*default*        0x00000000         0xffffffff

Linker script and memory map

LOAD C:/ST/STM32CubeIDE_1.16.1/STM32CubeIDE/plugins/com.st.stm32cube.ide.mcu.externaltools.gnu-tools-for-stm32.13.3.rel1.win32_1.0.0.202411081344/tools/bin/../lib/gcc/arm-none-eabi/13.3.1/thumb/v6-m/nofp/crti.o
LOAD C:/ST/STM32CubeIDE_1.16.1/STM32CubeIDE/plugins/com.st.stm32cube.ide.mcu.externaltools.gnu-tools-for-stm32.13.3.rel1.win32_1.0.0.202411081344/tools/bin/../lib/gcc/arm-none-eabi/13.3.1/thumb/v6-m/nofp/crtbegin.o
LOAD C:/ST/STM32CubeIDE_1.16.1/STM32CubeIDE/plugins/com.st.stm32cube.ide.mcu.externaltools.gnu-tools-for-stm32.13.3.rel1.win32_1.0.0.202411081344/tools/bin/../lib/gcc/arm-none-eabi/13.3.1/../../../../arm-none-eabi/lib/thumb/v6-m/nofp/crt0.o
LOAD ./Core/Src/bootloader.o
LOAD ./Core/Src/main.o
LOAD ./Core/Src/stm32l0xx_hal_msp.o
LOAD ./Core/Src/stm32l0xx_it.o
LOAD ./Core/Src/syscalls.o
LOAD ./Core/Src/sysmem.o
LOAD ./Core/Src/system_stm32l0xx.o
LOAD ./Core/Startup/startup_stm32l073rztx.o
LOAD ./Drivers/STM32L0xx_HAL_Driver/Src/stm32l0xx_hal.o
LOAD ./Drivers/STM32L0xx_HAL_Driver/Src/stm32l0xx_hal_cortex.o
LOAD ./Drivers/STM32L0xx_HAL_Driver/Src/stm32l0xx_hal_crc.o
LOAD ./Drivers/STM32L0xx_HAL_Driver/Src/stm32l0xx_hal_crc_ex.o
LOAD ./Drivers/STM32L0xx_HAL_Driver/Src/stm32l0xx_hal_dma.o
LOAD ./Drivers/STM32L0xx_HAL_Driver/Src/stm32l0xx_hal_exti.o
LOAD ./Drivers/STM32L0xx_HAL_Driver/Src/stm32l0xx_hal_flash.o
LOAD ./Drivers/STM32L0xx_HAL_Driver/Src/stm32l0xx_hal_flash_ex.o
LOAD ./Drivers/STM32L0xx_HAL_Driver/Src/stm32l0xx_hal_flash_ramfunc.o
LOAD ./Drivers/STM32L0xx_HAL_Driver/Src/stm32l0xx_hal_gpio.o
LOAD ./Drivers/STM32L0xx_HAL_Driver/Src/stm32l0xx_hal_i2c.o
LOAD ./Drivers/STM32L0xx_HAL_Driver/Src/stm32l0xx_hal_i2c_ex.o
LOAD ./Drivers/STM32L0xx_HAL_Driver/Src/stm32l0xx_hal_pwr.o
LOAD ./Drivers/STM32L0xx_HAL_Driver/Src/stm32l0xx_hal_pwr_ex.o
LOAD ./Drivers/STM32L0xx_HAL_Driver/Src/stm32l0xx_hal_rcc.o
LOAD ./Drivers/STM32L0xx_HAL_Driver/Src/stm32l0xx_hal_rcc_ex.o
LOAD ./Drivers/STM32L0xx_HAL_Driver/Src/stm32l0xx_hal_uart.o
LOAD ./Drivers/STM32L0xx_HAL_Driver/Src/stm32l0xx_hal_uart_ex.o
START GROUP
LOAD C:/ST/STM32CubeIDE_1.16.1/STM32CubeIDE/plugins/com.st.stm32cube.ide.mcu.externaltools.gnu-tools-for-stm32.13.3.rel1.win32_1.0.0.202411081344/tools/bin/../lib/gcc/arm-none-eabi/13.3.1/../../../../arm-none-eabi/lib/thumb/v6-m/nofp\libc_nano.a
LOAD C:/ST/STM32CubeIDE_1.16.1/STM32CubeIDE/plugins/com.st.stm32cube.ide.mcu.externaltools.gnu-tools-for-stm32.13.3.rel1.win32_1.0.0.202411081344/tools/bin/../lib/gcc/arm-none-eabi/13.3.1/../../../../arm-none-eabi/lib/thumb/v6-m/nofp\libm.a
END GROUP
START GROUP
LOAD C:/ST/STM32CubeIDE_1.16.1/STM32CubeIDE/plugins/com.st.stm32cube.ide.mcu.externaltools.gnu-tools-for-stm32.13.3.rel1.win32_1.0.0.202411081344/tools/bin/../lib/gcc/arm-none-eabi/13.3.1/thumb/v6-m/nofp\libgcc.a
LOAD C:/ST/STM32CubeIDE_1.16.1/STM32CubeIDE/plugins/com.st.stm32cube.ide.mcu.externaltools.gnu-tools-for-stm32.13.3.rel1.win32_1.0.0.202411081344/tools/bin/../lib/gcc/arm-none-eabi/13.3.1/../../../../arm-none-eabi/lib/thumb/v6-m/nofp\libc_nano.a
END GROUP
START GROUP
LOAD C:/ST/STM32CubeIDE_1.16.1/STM32CubeIDE/plugins/com.st.stm32cube.ide.mcu.externaltools.gnu-tools-for-stm32.13.3.rel1.win32_1.0.0.202411081344/tools/bin/../lib/gcc/arm-none-eabi/13.3.1/thumb/v6-m/nofp\libgcc.a
LOAD C:/ST/STM32CubeIDE_1.16.1/STM32CubeIDE/plugins/com.st.stm32cube.ide.mcu.externaltools.gnu-tools-for-stm32.13.3.rel1.win32_1.0.0.202411081344/tools/bin/../lib/gcc/arm-none-eabi/13.3.1/../../../../arm-none-eabi/lib/thumb/v6-m/nofp\libc_nano.a
LOAD C:/ST/STM32CubeIDE_1.16.1/STM32CubeIDE/plugins/com.st.stm32cube.ide.mcu.externaltools.gnu-tools-for-stm32.13.3.rel1.win32_1.0.0.202411081344/tools/bin/../lib/gcc/arm-none-eabi/13.3.1/../../../../arm-none-eabi/lib/thumb/v6-m/nofp\libnosys.a
END GROUP
START GROUP
LOAD C:/ST/STM32CubeIDE_1.16.1/STM32CubeIDE/plugins/com.st.stm32cube.ide.mcu.externaltools.gnu-tools-for-stm32.13.3.rel1.win32_1.0.0.202411081344/tools/bin/../lib/gcc/arm-none-eabi/13.3.1/thumb/v6-m/nofp\libgcc.a
LOAD C:/ST/STM32CubeIDE_1.16.1/STM32CubeIDE/plugins/com.st.stm32cube.ide.mcu.externaltools.gnu-tools-for-stm32.13.3.rel1.win32_1.0.0.202411081344/tools/bin/../lib/gcc/arm-none-eabi/13.3.1/../../../../arm-none-eabi/lib/thumb/v6-m/nofp\libc_nano.a
LOAD C:/ST/STM32CubeIDE_1.16.1/STM32CubeIDE/plugins/com.st.stm32cube.ide.mcu.externaltools.gnu-tools-for-stm32.13.3.rel1.win32_1.0.0.202411081344/tools/bin/../lib/gcc/arm-none-eabi/13.3.1/../../../../arm-none-eabi/lib/thumb/v6-m/nofp\libnosys.a
END GROUP
LOAD C:/ST/STM32CubeIDE_1.16.1/STM32CubeIDE/plugins/com.st.stm32cube.ide.mcu.externaltools.gnu-tools-for-stm32.13.3.rel1.win32_1.0.0.202411081344/tools/bin/../lib/gcc/arm-none-eabi/13.3.1/thumb/v6-m/nofp/crtend.o
LOAD C:/ST/STM32CubeIDE_1.16.1/STM32CubeIDE/plugins/com.st.stm32cube.ide.mcu.externaltools.gnu-tools-for-stm32.13.3.rel1.win32_1.0.0.202411081344/tools/bin/../lib/gcc/arm-none-eabi/13.3.1/thumb/v6-m/nofp/crtn.o
                0x20005000                        _estack = (ORIGIN (RAM) + LENGTH (RAM))
                0x00000200                        _Min_Heap_Size = 0x200
                0x00000400                        _Min_Stack_Size = 0x400

.isr_vector     0x08000000       0xc0
                0x08000000                        . = ALIGN (0x4)
 *(.isr_vector)
 .isr_vector    0x08000000       0xc0 ./Core/Startup/startup_stm32l073rztx.o
                0x08000000                g_pfnVectors
                0x080000c0                        . = ALIGN (0x4)

.text           0x080000c0     0x38f0
                0x080000c0                        . = ALIGN (0x4)
 *(.text)
 .text          0x080000c0       0x48 C:/ST/STM32CubeIDE_1.16.1/STM32CubeIDE/plugins/com.st.stm32cube.ide.mcu.externaltools.gnu-tools-for-stm32.13.3.rel1.win32_1.0.0.202411081344/tools/bin/../lib/gcc/arm-none-eabi/13.3.1/thumb/v6-m/nofp/crtbegin.o
 .text          0x08000108      0x114 C:/ST/STM32CubeIDE_1.16.1/STM32CubeIDE/plugins/com.st.stm32cube.ide.mcu.externaltools.gnu-tools-for-stm32.13.3.rel1.win32_1.0.0.202411081344/tools/bin/../lib/gcc/arm-none-eabi/13.3.1/thumb/v6-m/nofp\libgcc.a(_udivsi3.o)
                0x08000108                __aeabi_uidiv
                0x08000108                __udivsi3
                0x08000214                __aeabi_uidivmod
 .text          0x0800021c        0x4 C:/ST/STM32CubeIDE_1.16.1/STM32CubeIDE/plugins/com.st.stm32cube.ide.mcu.externaltools.gnu-tools-for-stm32.13.3.rel1.win32_1.0.0.202411081344/tools/bin/../lib/gcc/arm-none-eabi/13.3.1/thumb/v6-m/nofp\libgcc.a(_dvmd_tls.o)
                0x0800021c                __aeabi_idiv0
                0x0800021c                __aeabi_ldiv0
 .text          0x08000220       0x40 C:/ST/STM32CubeIDE_1.16.1/STM32CubeIDE/plugins/com.st.stm32cube.ide.mcu.externaltools.gnu-tools-for-stm32.13.3.rel1.win32_1.0.0.202411081344/tools/bin/../lib/gcc/arm-none-eabi/13.3.1/thumb/v6-m/nofp\libgcc.a(_aeabi_uldivmod.o)
                0x08000220                __aeabi_uldivmod
 .text          0x08000260      0x198 C:/ST/STM32CubeIDE_1.16.1/STM32CubeIDE/plugins/com.st.stm32cube.ide.mcu.externaltools.gnu-tools-for-stm32.13.3.rel1.win32_1.0.0.202411081344/tools/bin/../lib/gcc/arm-none-eabi/13.3.1/thumb/v6-m/nofp\libgcc.a(_udivmoddi4.o)
                0x08000260                __udivmoddi4
 .text          0x080003f8       0x18 C:/ST/STM32CubeIDE_1.16.1/STM32CubeIDE/plugins/com.st.stm32cube.ide.mcu.externaltools.gnu-tools-for-stm32.13.3.rel1.win32_1.0.0.202411081344/tools/bin/../lib/gcc/arm-none-eabi/13.3.1/thumb/v6-m/nofp\libgcc.a(_clzdi2.o)
                0x080003f8                __clzdi2
 .text          0x08000410       0x3c C:/ST/STM32CubeIDE_1.16.1/STM32CubeIDE/plugins/com.st.stm32cube.ide.mcu.externaltools.gnu-tools-for-stm32.13.3.rel1.win32_1.0.0.202411081344/tools/bin/../lib/gcc/arm-none-eabi/13.3.1/thumb/v6-m/nofp\libgcc.a(_clzsi2.o)
                0x08000410                __clzsi2
 *(.text*)
 .text.__NVIC_SystemReset
                0x0800044c       0x24 ./Core/Src/bootloader.o
 .text.debug_puts
                0x08000470       0x44 ./Core/Src/bootloader.o
                0x08000470                debug_puts
 .text.bootloader_uart_read_data
                0x080004b4       0xa0 ./Core/Src/bootloader.o
                0x080004b4                bootloader_uart_read_data
 .text.bootloader_jump_to_user_app
                0x08000554       0xa8 ./Core/Src/bootloader.o
                0x08000554                bootloader_jump_to_user_app
 .text.bootloader_go_reset_cmd
                0x080005fc       0x40 ./Core/Src/bootloader.o
                0x080005fc                bootloader_go_reset_cmd
 .text.bootloader_handle_getcid_cmd
                0x0800063c       0x60 ./Core/Src/bootloader.o
                0x0800063c                bootloader_handle_getcid_cmd
 .text.bootloader_handle_flash_erase_cmd
                0x0800069c       0x90 ./Core/Src/bootloader.o
                0x0800069c                bootloader_handle_flash_erase_cmd
 .text.bootloader_handle_mem_write_cmd
                0x0800072c       0x8c ./Core/Src/bootloader.o
                0x0800072c                bootloader_handle_mem_write_cmd
 .text.bootloader_send_ack
                0x080007b8       0x3c ./Core/Src/bootloader.o
                0x080007b8                bootloader_send_ack
 .text.bootloader_uart_write_data
                0x080007f4       0x28 ./Core/Src/bootloader.o
                0x080007f4                bootloader_uart_write_data
 .text.get_mcu_chip_id
                0x0800081c       0x1c ./Core/Src/bootloader.o
                0x0800081c                get_mcu_chip_id
 .text.verify_address
                0x08000838       0x58 ./Core/Src/bootloader.o
                0x08000838                verify_address
 .text.execute_flash_erase
                0x08000890       0x66 ./Core/Src/bootloader.o
                0x08000890                execute_flash_erase
 .text.execute_mem_write
                0x080008f6       0xee ./Core/Src/bootloader.o
                0x080008f6                execute_mem_write
 .text.bootloader_main
                0x080009e4       0x88 ./Core/Src/main.o
                0x080009e4                bootloader_main
 .text.main     0x08000a6c       0x30 ./Core/Src/main.o
                0x08000a6c                main
 .text.SystemClock_Config
                0x08000a9c       0xec ./Core/Src/main.o
                0x08000a9c                SystemClock_Config
 .text.MX_CRC_Init
                0x08000b88       0x48 ./Core/Src/main.o
 .text.MX_USART1_UART_Init
                0x08000bd0       0x60 ./Core/Src/main.o
 .text.MX_USART2_UART_Init
                0x08000c30       0x60 ./Core/Src/main.o
 .text.MX_GPIO_Init
                0x08000c90       0xac ./Core/Src/main.o
 .text.Error_Handler
                0x08000d3c        0xc ./Core/Src/main.o
                0x08000d3c                Error_Handler
 .text.HAL_MspInit
                0x08000d48       0x28 ./Core/Src/stm32l0xx_hal_msp.o
                0x08000d48                HAL_MspInit
 .text.HAL_CRC_MspInit
                0x08000d70       0x40 ./Core/Src/stm32l0xx_hal_msp.o
                0x08000d70                HAL_CRC_MspInit
 .text.HAL_UART_MspInit
                0x08000db0       0xec ./Core/Src/stm32l0xx_hal_msp.o
                0x08000db0                HAL_UART_MspInit
 .text.NMI_Handler
                0x08000e9c        0x8 ./Core/Src/stm32l0xx_it.o
                0x08000e9c                NMI_Handler
 .text.HardFault_Handler
                0x08000ea4        0x8 ./Core/Src/stm32l0xx_it.o
                0x08000ea4                HardFault_Handler
 .text.SVC_Handler
                0x08000eac        0xa ./Core/Src/stm32l0xx_it.o
                0x08000eac                SVC_Handler
 .text.PendSV_Handler
                0x08000eb6        0xa ./Core/Src/stm32l0xx_it.o
                0x08000eb6                PendSV_Handler
 .text.SysTick_Handler
                0x08000ec0        0xe ./Core/Src/stm32l0xx_it.o
                0x08000ec0                SysTick_Handler
 .text.SystemInit
                0x08000ece        0xa ./Core/Src/system_stm32l0xx.o
                0x08000ece                SystemInit
 .text.Reset_Handler
                0x08000ed8       0x50 ./Core/Startup/startup_stm32l073rztx.o
                0x08000ed8                Reset_Handler
 .text.Default_Handler
                0x08000f28        0x2 ./Core/Startup/startup_stm32l073rztx.o
                0x08000f28                TSC_IRQHandler
                0x08000f28                ADC1_COMP_IRQHandler
                0x08000f28                PVD_IRQHandler
                0x08000f28                I2C1_IRQHandler
                0x08000f28                RCC_CRS_IRQHandler
                0x08000f28                SPI1_IRQHandler
                0x08000f28                TIM6_DAC_IRQHandler
                0x08000f28                EXTI2_3_IRQHandler
                0x08000f28                I2C2_IRQHandler
                0x08000f28                RTC_IRQHandler
                0x08000f28                LCD_IRQHandler
                0x08000f28                DMA1_Channel4_5_6_7_IRQHandler
                0x08000f28                TIM3_IRQHandler
                0x08000f28                EXTI4_15_IRQHandler
                0x08000f28                DMA1_Channel1_IRQHandler
                0x08000f28                USART4_5_IRQHandler
                0x08000f28                Default_Handler
                0x08000f28                TIM22_IRQHandler
                0x08000f28                TIM7_IRQHandler
                0x08000f28                EXTI0_1_IRQHandler
                0x08000f28                USB_IRQHandler
                0x08000f28                I2C3_IRQHandler
                0x08000f28                SPI2_IRQHandler
                0x08000f28                TIM21_IRQHandler
                0x08000f28                WWDG_IRQHandler
                0x08000f28                TIM2_IRQHandler
                0x08000f28                DMA1_Channel2_3_IRQHandler
                0x08000f28                USART2_IRQHandler
                0x08000f28                FLASH_IRQHandler
                0x08000f28                USART1_IRQHandler
                0x08000f28                RNG_LPUART1_IRQHandler
                0x08000f28                LPTIM1_IRQHandler
 *fill*         0x08000f2a        0x2 
 .text.HAL_Init
                0x08000f2c       0x40 ./Drivers/STM32L0xx_HAL_Driver/Src/stm32l0xx_hal.o
                0x08000f2c                HAL_Init
 .text.HAL_DeInit
                0x08000f6c       0x4c ./Drivers/STM32L0xx_HAL_Driver/Src/stm32l0xx_hal.o
                0x08000f6c                HAL_DeInit
 .text.HAL_MspDeInit
                0x08000fb8        0xa ./Drivers/STM32L0xx_HAL_Driver/Src/stm32l0xx_hal.o
                0x08000fb8                HAL_MspDeInit
 *fill*         0x08000fc2        0x2 
 .text.HAL_InitTick
                0x08000fc4       0x68 ./Drivers/STM32L0xx_HAL_Driver/Src/stm32l0xx_hal.o
                0x08000fc4                HAL_InitTick
 .text.HAL_IncTick
                0x0800102c       0x24 ./Drivers/STM32L0xx_HAL_Driver/Src/stm32l0xx_hal.o
                0x0800102c                HAL_IncTick
 .text.HAL_GetTick
                0x08001050       0x14 ./Drivers/STM32L0xx_HAL_Driver/Src/stm32l0xx_hal.o
                0x08001050                HAL_GetTick
 .text.HAL_Delay
                0x08001064       0x48 ./Drivers/STM32L0xx_HAL_Driver/Src/stm32l0xx_hal.o
                0x08001064                HAL_Delay
 .text.__NVIC_SetPriority
                0x080010ac       0xdc ./Drivers/STM32L0xx_HAL_Driver/Src/stm32l0xx_hal_cortex.o
 .text.SysTick_Config
                0x08001188       0x48 ./Drivers/STM32L0xx_HAL_Driver/Src/stm32l0xx_hal_cortex.o
 .text.HAL_NVIC_SetPriority
                0x080011d0       0x2a ./Drivers/STM32L0xx_HAL_Driver/Src/stm32l0xx_hal_cortex.o
                0x080011d0                HAL_NVIC_SetPriority
 .text.HAL_SYSTICK_Config
                0x080011fa       0x1a ./Drivers/STM32L0xx_HAL_Driver/Src/stm32l0xx_hal_cortex.o
                0x080011fa                HAL_SYSTICK_Config
 .text.HAL_CRC_Init
                0x08001214       0xcc ./Drivers/STM32L0xx_HAL_Driver/Src/stm32l0xx_hal_crc.o
                0x08001214                HAL_CRC_Init
 .text.HAL_CRCEx_Polynomial_Set
                0x080012e0       0xea ./Drivers/STM32L0xx_HAL_Driver/Src/stm32l0xx_hal_crc_ex.o
                0x080012e0                HAL_CRCEx_Polynomial_Set
 *fill*         0x080013ca        0x2 
 .text.HAL_FLASH_Program
                0x080013cc       0x70 ./Drivers/STM32L0xx_HAL_Driver/Src/stm32l0xx_hal_flash.o
                0x080013cc                HAL_FLASH_Program
 .text.HAL_FLASH_Unlock
                0x0800143c       0xa8 ./Drivers/STM32L0xx_HAL_Driver/Src/stm32l0xx_hal_flash.o
                0x0800143c                HAL_FLASH_Unlock
 .text.HAL_FLASH_Lock
                0x080014e4       0x28 ./Drivers/STM32L0xx_HAL_Driver/Src/stm32l0xx_hal_flash.o
                0x080014e4                HAL_FLASH_Lock
 .text.FLASH_WaitForLastOperation
                0x0800150c       0xe4 ./Drivers/STM32L0xx_HAL_Driver/Src/stm32l0xx_hal_flash.o
                0x0800150c                FLASH_WaitForLastOperation
 .text.FLASH_SetErrorCode
                0x080015f0      0x138 ./Drivers/STM32L0xx_HAL_Driver/Src/stm32l0xx_hal_flash.o
 .text.HAL_FLASHEx_Erase
                0x08001728       0xc4 ./Drivers/STM32L0xx_HAL_Driver/Src/stm32l0xx_hal_flash_ex.o
                0x08001728                HAL_FLASHEx_Erase
 .text.FLASH_PageErase
                0x080017ec       0x44 ./Drivers/STM32L0xx_HAL_Driver/Src/stm32l0xx_hal_flash_ex.o
                0x080017ec                FLASH_PageErase
 .text.HAL_GPIO_Init
                0x08001830      0x2fc ./Drivers/STM32L0xx_HAL_Driver/Src/stm32l0xx_hal_gpio.o
                0x08001830                HAL_GPIO_Init
 .text.HAL_GPIO_ReadPin
                0x08001b2c       0x3a ./Drivers/STM32L0xx_HAL_Driver/Src/stm32l0xx_hal_gpio.o
                0x08001b2c                HAL_GPIO_ReadPin
 .text.HAL_GPIO_WritePin
                0x08001b66       0x3a ./Drivers/STM32L0xx_HAL_Driver/Src/stm32l0xx_hal_gpio.o
                0x08001b66                HAL_GPIO_WritePin
 .text.HAL_RCC_DeInit
                0x08001ba0      0x150 ./Drivers/STM32L0xx_HAL_Driver/Src/stm32l0xx_hal_rcc.o
                0x08001ba0                HAL_RCC_DeInit
 .text.HAL_RCC_OscConfig
                0x08001cf0      0x7a8 ./Drivers/STM32L0xx_HAL_Driver/Src/stm32l0xx_hal_rcc.o
                0x08001cf0                HAL_RCC_OscConfig
 .text.HAL_RCC_ClockConfig
                0x08002498      0x290 ./Drivers/STM32L0xx_HAL_Driver/Src/stm32l0xx_hal_rcc.o
                0x08002498                HAL_RCC_ClockConfig
 .text.HAL_RCC_GetSysClockFreq
                0x08002728      0x10c ./Drivers/STM32L0xx_HAL_Driver/Src/stm32l0xx_hal_rcc.o
                0x08002728                HAL_RCC_GetSysClockFreq
 .text.HAL_RCC_GetHCLKFreq
                0x08002834       0x14 ./Drivers/STM32L0xx_HAL_Driver/Src/stm32l0xx_hal_rcc.o
                0x08002834                HAL_RCC_GetHCLKFreq
 .text.HAL_RCC_GetPCLK1Freq
                0x08002848       0x2c ./Drivers/STM32L0xx_HAL_Driver/Src/stm32l0xx_hal_rcc.o
                0x08002848                HAL_RCC_GetPCLK1Freq
 .text.HAL_RCC_GetPCLK2Freq
                0x08002874       0x2c ./Drivers/STM32L0xx_HAL_Driver/Src/stm32l0xx_hal_rcc.o
                0x08002874                HAL_RCC_GetPCLK2Freq
 .text.HAL_RCCEx_PeriphCLKConfig
                0x080028a0      0x33c ./Drivers/STM32L0xx_HAL_Driver/Src/stm32l0xx_hal_rcc_ex.o
                0x080028a0                HAL_RCCEx_PeriphCLKConfig
 .text.HAL_UART_Init
                0x08002bdc       0xa8 ./Drivers/STM32L0xx_HAL_Driver/Src/stm32l0xx_hal_uart.o
                0x08002bdc                HAL_UART_Init
 .text.HAL_UART_Transmit
                0x08002c84      0x13e ./Drivers/STM32L0xx_HAL_Driver/Src/stm32l0xx_hal_uart.o
                0x08002c84                HAL_UART_Transmit
 *fill*         0x08002dc2        0x2 
 .text.HAL_UART_Receive
                0x08002dc4      0x1cc ./Drivers/STM32L0xx_HAL_Driver/Src/stm32l0xx_hal_uart.o
                0x08002dc4                HAL_UART_Receive
 .text.UART_SetConfig
                0x08002f90      0x53c ./Drivers/STM32L0xx_HAL_Driver/Src/stm32l0xx_hal_uart.o
                0x08002f90                UART_SetConfig
 .text.UART_AdvFeatureConfig
                0x080034cc      0x168 ./Drivers/STM32L0xx_HAL_Driver/Src/stm32l0xx_hal_uart.o
                0x080034cc                UART_AdvFeatureConfig
 .text.UART_CheckIdleState
                0x08003634      0x150 ./Drivers/STM32L0xx_HAL_Driver/Src/stm32l0xx_hal_uart.o
                0x08003634                UART_CheckIdleState
 .text.UART_WaitOnFlagUntilTimeout
                0x08003784       0xde ./Drivers/STM32L0xx_HAL_Driver/Src/stm32l0xx_hal_uart.o
                0x08003784                UART_WaitOnFlagUntilTimeout
 *fill*         0x08003862        0x2 
 .text.UART_EndRxTransfer
                0x08003864       0xc8 ./Drivers/STM32L0xx_HAL_Driver/Src/stm32l0xx_hal_uart.o
 .text.memset   0x0800392c       0x10 C:/ST/STM32CubeIDE_1.16.1/STM32CubeIDE/plugins/com.st.stm32cube.ide.mcu.externaltools.gnu-tools-for-stm32.13.3.rel1.win32_1.0.0.202411081344/tools/bin/../lib/gcc/arm-none-eabi/13.3.1/../../../../arm-none-eabi/lib/thumb/v6-m/nofp\libc_nano.a(libc_a-memset.o)
                0x0800392c                memset
 .text.__libc_init_array
                0x0800393c       0x48 C:/ST/STM32CubeIDE_1.16.1/STM32CubeIDE/plugins/com.st.stm32cube.ide.mcu.externaltools.gnu-tools-for-stm32.13.3.rel1.win32_1.0.0.202411081344/tools/bin/../lib/gcc/arm-none-eabi/13.3.1/../../../../arm-none-eabi/lib/thumb/v6-m/nofp\libc_nano.a(libc_a-init.o)
                0x0800393c                __libc_init_array
 .text.memcpy   0x08003984       0x12 C:/ST/STM32CubeIDE_1.16.1/STM32CubeIDE/plugins/com.st.stm32cube.ide.mcu.externaltools.gnu-tools-for-stm32.13.3.rel1.win32_1.0.0.202411081344/tools/bin/../lib/gcc/arm-none-eabi/13.3.1/../../../../arm-none-eabi/lib/thumb/v6-m/nofp\libc_nano.a(libc_a-memcpy-stub.o)
                0x08003984                memcpy
 *(.glue_7)
 .glue_7        0x08003996        0x0 linker stubs
 *(.glue_7t)
 .glue_7t       0x08003996        0x0 linker stubs
 *(.eh_frame)
 *fill*         0x08003996        0x2 
 .eh_frame      0x08003998        0x0 C:/ST/STM32CubeIDE_1.16.1/STM32CubeIDE/plugins/com.st.stm32cube.ide.mcu.externaltools.gnu-tools-for-stm32.13.3.rel1.win32_1.0.0.202411081344/tools/bin/../lib/gcc/arm-none-eabi/13.3.1/thumb/v6-m/nofp/crtbegin.o
 *(.init)
 .init          0x08003998        0x4 C:/ST/STM32CubeIDE_1.16.1/STM32CubeIDE/plugins/com.st.stm32cube.ide.mcu.externaltools.gnu-tools-for-stm32.13.3.rel1.win32_1.0.0.202411081344/tools/bin/../lib/gcc/arm-none-eabi/13.3.1/thumb/v6-m/nofp/crti.o
                0x08003998                _init
 .init          0x0800399c        0x8 C:/ST/STM32CubeIDE_1.16.1/STM32CubeIDE/plugins/com.st.stm32cube.ide.mcu.externaltools.gnu-tools-for-stm32.13.3.rel1.win32_1.0.0.202411081344/tools/bin/../lib/gcc/arm-none-eabi/13.3.1/thumb/v6-m/nofp/crtn.o
 *(.fini)
 .fini          0x080039a4        0x4 C:/ST/STM32CubeIDE_1.16.1/STM32CubeIDE/plugins/com.st.stm32cube.ide.mcu.externaltools.gnu-tools-for-stm32.13.3.rel1.win32_1.0.0.202411081344/tools/bin/../lib/gcc/arm-none-eabi/13.3.1/thumb/v6-m/nofp/crti.o
                0x080039a4                _fini
 .fini          0x080039a8        0x8 C:/ST/STM32CubeIDE_1.16.1/STM32CubeIDE/plugins/com.st.stm32cube.ide.mcu.externaltools.gnu-tools-for-stm32.13.3.rel1.win32_1.0.0.202411081344/tools/bin/../lib/gcc/arm-none-eabi/13.3.1/thumb/v6-m/nofp/crtn.o
                0x080039b0                        . = ALIGN (0x4)
                0x080039b0                        _etext = .

.vfp11_veneer   0x080039b0        0x0
 .vfp11_veneer  0x080039b0        0x0 linker stubs

.v4_bx          0x080039b0        0x0
 .v4_bx         0x080039b0        0x0 linker stubs

.iplt           0x080039b0        0x0
 .iplt          0x080039b0        0x0 C:/ST/STM32CubeIDE_1.16.1/STM32CubeIDE/plugins/com.st.stm32cube.ide.mcu.externaltools.gnu-tools-for-stm32.13.3.rel1.win32_1.0.0.202411081344/tools/bin/../lib/gcc/arm-none-eabi/13.3.1/thumb/v6-m/nofp/crtbegin.o

.rodata         0x080039b0      0x1b0
                0x080039b0                        . = ALIGN (0x4)
 *(.rodata)
 .rodata        0x080039b0       0xa9 ./Core/Src/bootloader.o
 *fill*         0x08003a59        0x3 
 .rodata        0x08003a5c       0x96 ./Core/Src/main.o
 *(.rodata*)
 *fill*         0x08003af2        0x2 
 .rodata.AHBPrescTable
                0x08003af4       0x10 ./Core/Src/system_stm32l0xx.o
                0x08003af4                AHBPrescTable
 .rodata.APBPrescTable
                0x08003b04        0x8 ./Core/Src/system_stm32l0xx.o
                0x08003b04                APBPrescTable
 .rodata.PLLMulTable
                0x08003b0c        0x9 ./Core/Src/system_stm32l0xx.o
                0x08003b0c                PLLMulTable
 *fill*         0x08003b15        0x3 
 .rodata.UART_SetConfig
                0x08003b18       0x48 ./Drivers/STM32L0xx_HAL_Driver/Src/stm32l0xx_hal_uart.o
                0x08003b60                        . = ALIGN (0x4)

.ARM.extab      0x08003b60        0x0
                0x08003b60                        . = ALIGN (0x4)
 *(.ARM.extab* .gnu.linkonce.armextab.*)
                0x08003b60                        . = ALIGN (0x4)

.ARM            0x08003b60        0x8
                0x08003b60                        . = ALIGN (0x4)
                0x08003b60                        __exidx_start = .
 *(.ARM.exidx*)
 .ARM.exidx     0x08003b60        0x8 C:/ST/STM32CubeIDE_1.16.1/STM32CubeIDE/plugins/com.st.stm32cube.ide.mcu.externaltools.gnu-tools-for-stm32.13.3.rel1.win32_1.0.0.202411081344/tools/bin/../lib/gcc/arm-none-eabi/13.3.1/thumb/v6-m/nofp\libgcc.a(_udivmoddi4.o)
                0x08003b68                        __exidx_end = .
                0x08003b68                        . = ALIGN (0x4)

.preinit_array  0x08003b68        0x0
                0x08003b68                        . = ALIGN (0x4)
                0x08003b68                        PROVIDE (__preinit_array_start = .)
 *(.preinit_array*)
                0x08003b68                        PROVIDE (__preinit_array_end = .)
                0x08003b68                        . = ALIGN (0x4)

.init_array     0x08003b68        0x4
                0x08003b68                        . = ALIGN (0x4)
                0x08003b68                        PROVIDE (__init_array_start = .)
 *(SORT_BY_NAME(.init_array.*))
 *(.init_array*)
 .init_array    0x08003b68        0x4 C:/ST/STM32CubeIDE_1.16.1/STM32CubeIDE/plugins/com.st.stm32cube.ide.mcu.externaltools.gnu-tools-for-stm32.13.3.rel1.win32_1.0.0.202411081344/tools/bin/../lib/gcc/arm-none-eabi/13.3.1/thumb/v6-m/nofp/crtbegin.o
                0x08003b6c                        PROVIDE (__init_array_end = .)
                0x08003b6c                        . = ALIGN (0x4)

.fini_array     0x08003b6c        0x4
                0x08003b6c                        . = ALIGN (0x4)
                [!provide]                        PROVIDE (__fini_array_start = .)
 *(SORT_BY_NAME(.fini_array.*))
 *(.fini_array*)
 .fini_array    0x08003b6c        0x4 C:/ST/STM32CubeIDE_1.16.1/STM32CubeIDE/plugins/com.st.stm32cube.ide.mcu.externaltools.gnu-tools-for-stm32.13.3.rel1.win32_1.0.0.202411081344/tools/bin/../lib/gcc/arm-none-eabi/13.3.1/thumb/v6-m/nofp/crtbegin.o
                [!provide]                        PROVIDE (__fini_array_end = .)
                0x08003b70                        . = ALIGN (0x4)
                0x08003b70                        _sidata = LOADADDR (.data)

.rel.dyn        0x08003b70        0x0
 .rel.iplt      0x08003b70        0x0 C:/ST/STM32CubeIDE_1.16.1/STM32CubeIDE/plugins/com.st.stm32cube.ide.mcu.externaltools.gnu-tools-for-stm32.13.3.rel1.win32_1.0.0.202411081344/tools/bin/../lib/gcc/arm-none-eabi/13.3.1/thumb/v6-m/nofp/crtbegin.o

.data           0x20000000        0xc load address 0x08003b70
                0x20000000                        . = ALIGN (0x4)
                0x20000000                        _sdata = .
 *(.data)
 *(.data*)
 .data.SystemCoreClock
                0x20000000        0x4 ./Core/Src/system_stm32l0xx.o
                0x20000000                SystemCoreClock
 .data.uwTickPrio
                0x20000004        0x4 ./Drivers/STM32L0xx_HAL_Driver/Src/stm32l0xx_hal.o
                0x20000004                uwTickPrio
 .data.uwTickFreq
                0x20000008        0x1 ./Drivers/STM32L0xx_HAL_Driver/Src/stm32l0xx_hal.o
                0x20000008                uwTickFreq
 *(.RamFunc)
 *(.RamFunc*)
                0x2000000c                        . = ALIGN (0x4)
 *fill*         0x20000009        0x3 
                0x2000000c                        _edata = .

.igot.plt       0x2000000c        0x0 load address 0x08003b7c
 .igot.plt      0x2000000c        0x0 C:/ST/STM32CubeIDE_1.16.1/STM32CubeIDE/plugins/com.st.stm32cube.ide.mcu.externaltools.gnu-tools-for-stm32.13.3.rel1.win32_1.0.0.202411081344/tools/bin/../lib/gcc/arm-none-eabi/13.3.1/thumb/v6-m/nofp/crtbegin.o
                0x2000000c                        . = ALIGN (0x4)

.bss            0x2000000c      0x234 load address 0x08003b7c
                0x2000000c                        _sbss = .
                0x2000000c                        __bss_start__ = _sbss
 *(.bss)
 .bss           0x2000000c       0x1c C:/ST/STM32CubeIDE_1.16.1/STM32CubeIDE/plugins/com.st.stm32cube.ide.mcu.externaltools.gnu-tools-for-stm32.13.3.rel1.win32_1.0.0.202411081344/tools/bin/../lib/gcc/arm-none-eabi/13.3.1/thumb/v6-m/nofp/crtbegin.o
 *(.bss*)
 .bss.bl_rx_buffer
                0x20000028       0xc8 ./Core/Src/bootloader.o
                0x20000028                bl_rx_buffer
 .bss.hcrc      0x200000f0       0x24 ./Core/Src/main.o
                0x200000f0                hcrc
 .bss.huart1    0x20000114       0x88 ./Core/Src/main.o
                0x20000114                huart1
 .bss.huart2    0x2000019c       0x88 ./Core/Src/main.o
                0x2000019c                huart2
 .bss.uwTick    0x20000224        0x4 ./Drivers/STM32L0xx_HAL_Driver/Src/stm32l0xx_hal.o
                0x20000224                uwTick
 .bss.pFlash    0x20000228       0x18 ./Drivers/STM32L0xx_HAL_Driver/Src/stm32l0xx_hal_flash.o
                0x20000228                pFlash
 *(COMMON)
                0x20000240                        . = ALIGN (0x4)
                0x20000240                        _ebss = .
                0x20000240                        __bss_end__ = _ebss

._user_heap_stack
                0x20000240      0x600 load address 0x08003b7c
                0x20000240                        . = ALIGN (0x8)
                [!provide]                        PROVIDE (end = .)
                0x20000240                        PROVIDE (_end = .)
                0x20000440                        . = (. + _Min_Heap_Size)
 *fill*         0x20000240      0x200 
                0x20000840                        . = (. + _Min_Stack_Size)
 *fill*         0x20000440      0x400 
                0x20000840                        . = ALIGN (0x8)

/DISCARD/
 libc.a(*)
 libm.a(*)
 libgcc.a(*)

.ARM.attributes
                0x00000000       0x28
 *(.ARM.attributes)
 .ARM.attributes
                0x00000000       0x1e C:/ST/STM32CubeIDE_1.16.1/STM32CubeIDE/plugins/com.st.stm32cube.ide.mcu.externaltools.gnu-tools-for-stm32.13.3.rel1.win32_1.0.0.202411081344/tools/bin/../lib/gcc/arm-none-eabi/13.3.1/thumb/v6-m/nofp/crti.o
 .ARM.attributes
                0x0000001e       0x2c C:/ST/STM32CubeIDE_1.16.1/STM32CubeIDE/plugins/com.st.stm32cube.ide.mcu.externaltools.gnu-tools-for-stm32.13.3.rel1.win32_1.0.0.202411081344/tools/bin/../lib/gcc/arm-none-eabi/13.3.1/thumb/v6-m/nofp/crtbegin.o
 .ARM.attributes
                0x0000004a       0x2c ./Core/Src/bootloader.o
 .ARM.attributes
                0x00000076       0x2c ./Core/Src/main.o
 .ARM.attributes
                0x000000a2       0x2c ./Core/Src/stm32l0xx_hal_msp.o
 .ARM.attributes
                0x000000ce       0x2c ./Core/Src/stm32l0xx_it.o
 .ARM.attributes
                0x000000fa       0x2c ./Core/Src/system_stm32l0xx.o
 .ARM.attributes
                0x00000126       0x22 ./Core/Startup/startup_stm32l073rztx.o
 .ARM.attributes
                0x00000148       0x2c ./Drivers/STM32L0xx_HAL_Driver/Src/stm32l0xx_hal.o
 .ARM.attributes
                0x00000174       0x2c ./Drivers/STM32L0xx_HAL_Driver/Src/stm32l0xx_hal_cortex.o
 .ARM.attributes
                0x000001a0       0x2c ./Drivers/STM32L0xx_HAL_Driver/Src/stm32l0xx_hal_crc.o
 .ARM.attributes
                0x000001cc       0x2c ./Drivers/STM32L0xx_HAL_Driver/Src/stm32l0xx_hal_crc_ex.o
 .ARM.attributes
                0x000001f8       0x2c ./Drivers/STM32L0xx_HAL_Driver/Src/stm32l0xx_hal_flash.o
 .ARM.attributes
                0x00000224       0x2c ./Drivers/STM32L0xx_HAL_Driver/Src/stm32l0xx_hal_flash_ex.o
 .ARM.attributes
                0x00000250       0x2c ./Drivers/STM32L0xx_HAL_Driver/Src/stm32l0xx_hal_gpio.o
 .ARM.attributes
                0x0000027c       0x2c ./Drivers/STM32L0xx_HAL_Driver/Src/stm32l0xx_hal_rcc.o
 .ARM.attributes
                0x000002a8       0x2c ./Drivers/STM32L0xx_HAL_Driver/Src/stm32l0xx_hal_rcc_ex.o
 .ARM.attributes
                0x000002d4       0x2c ./Drivers/STM32L0xx_HAL_Driver/Src/stm32l0xx_hal_uart.o
 .ARM.attributes
                0x00000300       0x2c C:/ST/STM32CubeIDE_1.16.1/STM32CubeIDE/plugins/com.st.stm32cube.ide.mcu.externaltools.gnu-tools-for-stm32.13.3.rel1.win32_1.0.0.202411081344/tools/bin/../lib/gcc/arm-none-eabi/13.3.1/../../../../arm-none-eabi/lib/thumb/v6-m/nofp\libc_nano.a(libc_a-memset.o)
 .ARM.attributes
                0x0000032c       0x2c C:/ST/STM32CubeIDE_1.16.1/STM32CubeIDE/plugins/com.st.stm32cube.ide.mcu.externaltools.gnu-tools-for-stm32.13.3.rel1.win32_1.0.0.202411081344/tools/bin/../lib/gcc/arm-none-eabi/13.3.1/../../../../arm-none-eabi/lib/thumb/v6-m/nofp\libc_nano.a(libc_a-init.o)
 .ARM.attributes
                0x00000358       0x2c C:/ST/STM32CubeIDE_1.16.1/STM32CubeIDE/plugins/com.st.stm32cube.ide.mcu.externaltools.gnu-tools-for-stm32.13.3.rel1.win32_1.0.0.202411081344/tools/bin/../lib/gcc/arm-none-eabi/13.3.1/../../../../arm-none-eabi/lib/thumb/v6-m/nofp\libc_nano.a(libc_a-memcpy-stub.o)
 .ARM.attributes
                0x00000384       0x1e C:/ST/STM32CubeIDE_1.16.1/STM32CubeIDE/plugins/com.st.stm32cube.ide.mcu.externaltools.gnu-tools-for-stm32.13.3.rel1.win32_1.0.0.202411081344/tools/bin/../lib/gcc/arm-none-eabi/13.3.1/thumb/v6-m/nofp\libgcc.a(_udivsi3.o)
 .ARM.attributes
                0x000003a2       0x1e C:/ST/STM32CubeIDE_1.16.1/STM32CubeIDE/plugins/com.st.stm32cube.ide.mcu.externaltools.gnu-tools-for-stm32.13.3.rel1.win32_1.0.0.202411081344/tools/bin/../lib/gcc/arm-none-eabi/13.3.1/thumb/v6-m/nofp\libgcc.a(_dvmd_tls.o)
 .ARM.attributes
                0x000003c0       0x1e C:/ST/STM32CubeIDE_1.16.1/STM32CubeIDE/plugins/com.st.stm32cube.ide.mcu.externaltools.gnu-tools-for-stm32.13.3.rel1.win32_1.0.0.202411081344/tools/bin/../lib/gcc/arm-none-eabi/13.3.1/thumb/v6-m/nofp\libgcc.a(_aeabi_uldivmod.o)
 .ARM.attributes
                0x000003de       0x2c C:/ST/STM32CubeIDE_1.16.1/STM32CubeIDE/plugins/com.st.stm32cube.ide.mcu.externaltools.gnu-tools-for-stm32.13.3.rel1.win32_1.0.0.202411081344/tools/bin/../lib/gcc/arm-none-eabi/13.3.1/thumb/v6-m/nofp\libgcc.a(_udivmoddi4.o)
 .ARM.attributes
                0x0000040a       0x1e C:/ST/STM32CubeIDE_1.16.1/STM32CubeIDE/plugins/com.st.stm32cube.ide.mcu.externaltools.gnu-tools-for-stm32.13.3.rel1.win32_1.0.0.202411081344/tools/bin/../lib/gcc/arm-none-eabi/13.3.1/thumb/v6-m/nofp\libgcc.a(_clzdi2.o)
 .ARM.attributes
                0x00000428       0x1e C:/ST/STM32CubeIDE_1.16.1/STM32CubeIDE/plugins/com.st.stm32cube.ide.mcu.externaltools.gnu-tools-for-stm32.13.3.rel1.win32_1.0.0.202411081344/tools/bin/../lib/gcc/arm-none-eabi/13.3.1/thumb/v6-m/nofp\libgcc.a(_clzsi2.o)
 .ARM.attributes
                0x00000446       0x1e C:/ST/STM32CubeIDE_1.16.1/STM32CubeIDE/plugins/com.st.stm32cube.ide.mcu.externaltools.gnu-tools-for-stm32.13.3.rel1.win32_1.0.0.202411081344/tools/bin/../lib/gcc/arm-none-eabi/13.3.1/thumb/v6-m/nofp/crtn.o
OUTPUT(BOOTLOADER_L073RZT6.elf elf32-littlearm)
LOAD linker stubs
LOAD C:/ST/STM32CubeIDE_1.16.1/STM32CubeIDE/plugins/com.st.stm32cube.ide.mcu.externaltools.gnu-tools-for-stm32.13.3.rel1.win32_1.0.0.202411081344/tools/bin/../lib/gcc/arm-none-eabi/13.3.1/../../../../arm-none-eabi/lib/thumb/v6-m/nofp\libc.a
LOAD C:/ST/STM32CubeIDE_1.16.1/STM32CubeIDE/plugins/com.st.stm32cube.ide.mcu.externaltools.gnu-tools-for-stm32.13.3.rel1.win32_1.0.0.202411081344/tools/bin/../lib/gcc/arm-none-eabi/13.3.1/../../../../arm-none-eabi/lib/thumb/v6-m/nofp\libm.a
LOAD C:/ST/STM32CubeIDE_1.16.1/STM32CubeIDE/plugins/com.st.stm32cube.ide.mcu.externaltools.gnu-tools-for-stm32.13.3.rel1.win32_1.0.0.202411081344/tools/bin/../lib/gcc/arm-none-eabi/13.3.1/thumb/v6-m/nofp\libgcc.a

.debug_info     0x00000000     0xab43
 .debug_info    0x00000000      0xf44 ./Core/Src/bootloader.o
 .debug_info    0x00000f44      0xf52 ./Core/Src/main.o
 .debug_info    0x00001e96      0xb1a ./Core/Src/stm32l0xx_hal_msp.o
 .debug_info    0x000029b0       0xd3 ./Core/Src/stm32l0xx_it.o
 .debug_info    0x00002a83      0x2d0 ./Core/Src/system_stm32l0xx.o
 .debug_info    0x00002d53       0x30 ./Core/Startup/startup_stm32l073rztx.o
 .debug_info    0x00002d83      0x8ac ./Drivers/STM32L0xx_HAL_Driver/Src/stm32l0xx_hal.o
 .debug_info    0x0000362f      0x8a2 ./Drivers/STM32L0xx_HAL_Driver/Src/stm32l0xx_hal_cortex.o
 .debug_info    0x00003ed1      0x53f ./Drivers/STM32L0xx_HAL_Driver/Src/stm32l0xx_hal_crc.o
 .debug_info    0x00004410      0x36a ./Drivers/STM32L0xx_HAL_Driver/Src/stm32l0xx_hal_crc_ex.o
 .debug_info    0x0000477a      0x594 ./Drivers/STM32L0xx_HAL_Driver/Src/stm32l0xx_hal_flash.o
 .debug_info    0x00004d0e      0xaa1 ./Drivers/STM32L0xx_HAL_Driver/Src/stm32l0xx_hal_flash_ex.o
 .debug_info    0x000057af      0x617 ./Drivers/STM32L0xx_HAL_Driver/Src/stm32l0xx_hal_gpio.o
 .debug_info    0x00005dc6      0xa2a ./Drivers/STM32L0xx_HAL_Driver/Src/stm32l0xx_hal_rcc.o
 .debug_info    0x000067f0      0x7ed ./Drivers/STM32L0xx_HAL_Driver/Src/stm32l0xx_hal_rcc_ex.o
 .debug_info    0x00006fdd     0x3b66 ./Drivers/STM32L0xx_HAL_Driver/Src/stm32l0xx_hal_uart.o

.debug_abbrev   0x00000000     0x2118
 .debug_abbrev  0x00000000      0x346 ./Core/Src/bootloader.o
 .debug_abbrev  0x00000346      0x2c1 ./Core/Src/main.o
 .debug_abbrev  0x00000607      0x1c5 ./Core/Src/stm32l0xx_hal_msp.o
 .debug_abbrev  0x000007cc       0x73 ./Core/Src/stm32l0xx_it.o
 .debug_abbrev  0x0000083f      0x11c ./Core/Src/system_stm32l0xx.o
 .debug_abbrev  0x0000095b       0x24 ./Core/Startup/startup_stm32l073rztx.o
 .debug_abbrev  0x0000097f      0x2a0 ./Drivers/STM32L0xx_HAL_Driver/Src/stm32l0xx_hal.o
 .debug_abbrev  0x00000c1f      0x29b ./Drivers/STM32L0xx_HAL_Driver/Src/stm32l0xx_hal_cortex.o
 .debug_abbrev  0x00000eba      0x1ba ./Drivers/STM32L0xx_HAL_Driver/Src/stm32l0xx_hal_crc.o
 .debug_abbrev  0x00001074      0x11d ./Drivers/STM32L0xx_HAL_Driver/Src/stm32l0xx_hal_crc_ex.o
 .debug_abbrev  0x00001191      0x2f9 ./Drivers/STM32L0xx_HAL_Driver/Src/stm32l0xx_hal_flash.o
 .debug_abbrev  0x0000148a      0x333 ./Drivers/STM32L0xx_HAL_Driver/Src/stm32l0xx_hal_flash_ex.o
 .debug_abbrev  0x000017bd      0x1cb ./Drivers/STM32L0xx_HAL_Driver/Src/stm32l0xx_hal_gpio.o
 .debug_abbrev  0x00001988      0x296 ./Drivers/STM32L0xx_HAL_Driver/Src/stm32l0xx_hal_rcc.o
 .debug_abbrev  0x00001c1e      0x21a ./Drivers/STM32L0xx_HAL_Driver/Src/stm32l0xx_hal_rcc_ex.o
 .debug_abbrev  0x00001e38      0x2e0 ./Drivers/STM32L0xx_HAL_Driver/Src/stm32l0xx_hal_uart.o

.debug_aranges  0x00000000      0x960
 .debug_aranges
                0x00000000       0x90 ./Core/Src/bootloader.o
 .debug_aranges
                0x00000090       0x58 ./Core/Src/main.o
 .debug_aranges
                0x000000e8       0x40 ./Core/Src/stm32l0xx_hal_msp.o
 .debug_aranges
                0x00000128       0x40 ./Core/Src/stm32l0xx_it.o
 .debug_aranges
                0x00000168       0x28 ./Core/Src/system_stm32l0xx.o
 .debug_aranges
                0x00000190       0x28 ./Core/Startup/startup_stm32l073rztx.o
 .debug_aranges
                0x000001b8      0x110 ./Drivers/STM32L0xx_HAL_Driver/Src/stm32l0xx_hal.o
 .debug_aranges
                0x000002c8       0xe8 ./Drivers/STM32L0xx_HAL_Driver/Src/stm32l0xx_hal_cortex.o
 .debug_aranges
                0x000003b0       0x60 ./Drivers/STM32L0xx_HAL_Driver/Src/stm32l0xx_hal_crc.o
 .debug_aranges
                0x00000410       0x30 ./Drivers/STM32L0xx_HAL_Driver/Src/stm32l0xx_hal_crc_ex.o
 .debug_aranges
                0x00000440       0x80 ./Drivers/STM32L0xx_HAL_Driver/Src/stm32l0xx_hal_flash.o
 .debug_aranges
                0x000004c0       0xf0 ./Drivers/STM32L0xx_HAL_Driver/Src/stm32l0xx_hal_flash_ex.o
 .debug_aranges
                0x000005b0       0x58 ./Drivers/STM32L0xx_HAL_Driver/Src/stm32l0xx_hal_gpio.o
 .debug_aranges
                0x00000608       0x80 ./Drivers/STM32L0xx_HAL_Driver/Src/stm32l0xx_hal_rcc.o
 .debug_aranges
                0x00000688       0xb0 ./Drivers/STM32L0xx_HAL_Driver/Src/stm32l0xx_hal_rcc_ex.o
 .debug_aranges
                0x00000738      0x228 ./Drivers/STM32L0xx_HAL_Driver/Src/stm32l0xx_hal_uart.o

.debug_rnglists
                0x00000000      0x743
 .debug_rnglists
                0x00000000       0x7b ./Core/Src/bootloader.o
 .debug_rnglists
                0x0000007b       0x4c ./Core/Src/main.o
 .debug_rnglists
                0x000000c7       0x2c ./Core/Src/stm32l0xx_hal_msp.o
 .debug_rnglists
                0x000000f3       0x2b ./Core/Src/stm32l0xx_it.o
 .debug_rnglists
                0x0000011e       0x1a ./Core/Src/system_stm32l0xx.o
 .debug_rnglists
                0x00000138       0x19 ./Core/Startup/startup_stm32l073rztx.o
 .debug_rnglists
                0x00000151       0xc7 ./Drivers/STM32L0xx_HAL_Driver/Src/stm32l0xx_hal.o
 .debug_rnglists
                0x00000218       0xaa ./Drivers/STM32L0xx_HAL_Driver/Src/stm32l0xx_hal_cortex.o
 .debug_rnglists
                0x000002c2       0x47 ./Drivers/STM32L0xx_HAL_Driver/Src/stm32l0xx_hal_crc.o
 .debug_rnglists
                0x00000309       0x20 ./Drivers/STM32L0xx_HAL_Driver/Src/stm32l0xx_hal_crc_ex.o
 .debug_rnglists
                0x00000329       0x5f ./Drivers/STM32L0xx_HAL_Driver/Src/stm32l0xx_hal_flash.o
 .debug_rnglists
                0x00000388       0xbb ./Drivers/STM32L0xx_HAL_Driver/Src/stm32l0xx_hal_flash_ex.o
 .debug_rnglists
                0x00000443       0x3f ./Drivers/STM32L0xx_HAL_Driver/Src/stm32l0xx_hal_gpio.o
 .debug_rnglists
                0x00000482       0x61 ./Drivers/STM32L0xx_HAL_Driver/Src/stm32l0xx_hal_rcc.o
 .debug_rnglists
                0x000004e3       0x85 ./Drivers/STM32L0xx_HAL_Driver/Src/stm32l0xx_hal_rcc_ex.o
 .debug_rnglists
                0x00000568      0x1db ./Drivers/STM32L0xx_HAL_Driver/Src/stm32l0xx_hal_uart.o

.debug_macro    0x00000000    0x14e34
 .debug_macro   0x00000000      0x2ba ./Core/Src/bootloader.o
 .debug_macro   0x000002ba      0xaae ./Core/Src/bootloader.o
 .debug_macro   0x00000d68       0x22 ./Core/Src/bootloader.o
 .debug_macro   0x00000d8a       0x8e ./Core/Src/bootloader.o
 .debug_macro   0x00000e18       0x51 ./Core/Src/bootloader.o
 .debug_macro   0x00000e69      0x103 ./Core/Src/bootloader.o
 .debug_macro   0x00000f6c       0x6a ./Core/Src/bootloader.o
 .debug_macro   0x00000fd6      0x1df ./Core/Src/bootloader.o
 .debug_macro   0x000011b5       0x61 ./Core/Src/bootloader.o
 .debug_macro   0x00001216       0x24 ./Core/Src/bootloader.o
 .debug_macro   0x0000123a       0x43 ./Core/Src/bootloader.o
 .debug_macro   0x0000127d       0x34 ./Core/Src/bootloader.o
 .debug_macro   0x000012b1      0x190 ./Core/Src/bootloader.o
 .debug_macro   0x00001441      0x370 ./Core/Src/bootloader.o
 .debug_macro   0x000017b1       0x16 ./Core/Src/bootloader.o
 .debug_macro   0x000017c7       0x4a ./Core/Src/bootloader.o
 .debug_macro   0x00001811       0x34 ./Core/Src/bootloader.o
 .debug_macro   0x00001845       0x10 ./Core/Src/bootloader.o
 .debug_macro   0x00001855       0x58 ./Core/Src/bootloader.o
 .debug_macro   0x000018ad       0x8e ./Core/Src/bootloader.o
 .debug_macro   0x0000193b       0x1c ./Core/Src/bootloader.o
 .debug_macro   0x00001957      0x185 ./Core/Src/bootloader.o
 .debug_macro   0x00001adc       0x10 ./Core/Src/bootloader.o
 .debug_macro   0x00001aec       0x3c ./Core/Src/bootloader.o
 .debug_macro   0x00001b28       0x20 ./Core/Src/bootloader.o
 .debug_macro   0x00001b48      0x125 ./Core/Src/bootloader.o
 .debug_macro   0x00001c6d       0x2e ./Core/Src/bootloader.o
 .debug_macro   0x00001c9b       0x28 ./Core/Src/bootloader.o
 .debug_macro   0x00001cc3       0x1c ./Core/Src/bootloader.o
 .debug_macro   0x00001cdf       0x22 ./Core/Src/bootloader.o
 .debug_macro   0x00001d01       0xaf ./Core/Src/bootloader.o
 .debug_macro   0x00001db0      0x4da ./Core/Src/bootloader.o
 .debug_macro   0x0000228a      0x11f ./Core/Src/bootloader.o
 .debug_macro   0x000023a9     0xa683 ./Core/Src/bootloader.o
 .debug_macro   0x0000ca2c       0x66 ./Core/Src/bootloader.o
 .debug_macro   0x0000ca92     0x35ac ./Core/Src/bootloader.o
 .debug_macro   0x0001003e       0x56 ./Core/Src/bootloader.o
 .debug_macro   0x00010094      0x8ea ./Core/Src/bootloader.o
 .debug_macro   0x0001097e      0xbb4 ./Core/Src/bootloader.o
 .debug_macro   0x00011532      0x197 ./Core/Src/bootloader.o
 .debug_macro   0x000116c9      0x13f ./Core/Src/bootloader.o
 .debug_macro   0x00011808      0x1d1 ./Core/Src/bootloader.o
 .debug_macro   0x000119d9       0x82 ./Core/Src/bootloader.o
 .debug_macro   0x00011a5b      0x28e ./Core/Src/bootloader.o
 .debug_macro   0x00011ce9      0x1e9 ./Core/Src/bootloader.o
 .debug_macro   0x00011ed2       0xc7 ./Core/Src/bootloader.o
 .debug_macro   0x00011f99       0x4c ./Core/Src/bootloader.o
 .debug_macro   0x00011fe5      0x13d ./Core/Src/bootloader.o
 .debug_macro   0x00012122      0x4ac ./Core/Src/bootloader.o
 .debug_macro   0x000125ce      0x22c ./Core/Src/bootloader.o
 .debug_macro   0x000127fa       0x5b ./Core/Src/bootloader.o
 .debug_macro   0x00012855       0xa5 ./Core/Src/bootloader.o
 .debug_macro   0x000128fa      0x186 ./Core/Src/bootloader.o
 .debug_macro   0x00012a80       0x16 ./Core/Src/bootloader.o
 .debug_macro   0x00012a96      0x5cf ./Core/Src/bootloader.o
 .debug_macro   0x00013065       0x44 ./Core/Src/bootloader.o
 .debug_macro   0x000130a9      0x1a2 ./Core/Src/bootloader.o
 .debug_macro   0x0001324b       0x1c ./Core/Src/bootloader.o
 .debug_macro   0x00013267       0x88 ./Core/Src/bootloader.o
 .debug_macro   0x000132ef      0x2be ./Core/Src/main.o
 .debug_macro   0x000135ad       0x5c ./Core/Src/main.o
 .debug_macro   0x00013609      0x1dd ./Core/Src/stm32l0xx_hal_msp.o
 .debug_macro   0x000137e6      0x1e7 ./Core/Src/stm32l0xx_it.o
 .debug_macro   0x000139cd      0x1ce ./Core/Src/system_stm32l0xx.o
 .debug_macro   0x00013b9b      0x1f2 ./Drivers/STM32L0xx_HAL_Driver/Src/stm32l0xx_hal.o
 .debug_macro   0x00013d8d      0x1ce ./Drivers/STM32L0xx_HAL_Driver/Src/stm32l0xx_hal_cortex.o
 .debug_macro   0x00013f5b      0x1ce ./Drivers/STM32L0xx_HAL_Driver/Src/stm32l0xx_hal_crc.o
 .debug_macro   0x00014129      0x1ce ./Drivers/STM32L0xx_HAL_Driver/Src/stm32l0xx_hal_crc_ex.o
 .debug_macro   0x000142f7      0x1cf ./Drivers/STM32L0xx_HAL_Driver/Src/stm32l0xx_hal_flash.o
 .debug_macro   0x000144c6      0x1ce ./Drivers/STM32L0xx_HAL_Driver/Src/stm32l0xx_hal_flash_ex.o
 .debug_macro   0x00014694      0x1d5 ./Drivers/STM32L0xx_HAL_Driver/Src/stm32l0xx_hal_gpio.o
 .debug_macro   0x00014869      0x204 ./Drivers/STM32L0xx_HAL_Driver/Src/stm32l0xx_hal_rcc.o
 .debug_macro   0x00014a6d      0x1ce ./Drivers/STM32L0xx_HAL_Driver/Src/stm32l0xx_hal_rcc_ex.o
 .debug_macro   0x00014c3b      0x1f9 ./Drivers/STM32L0xx_HAL_Driver/Src/stm32l0xx_hal_uart.o

.debug_line     0x00000000     0xcbdb
 .debug_line    0x00000000      0xc67 ./Core/Src/bootloader.o
 .debug_line    0x00000c67      0xab2 ./Core/Src/main.o
 .debug_line    0x00001719      0x833 ./Core/Src/stm32l0xx_hal_msp.o
 .debug_line    0x00001f4c      0x7d9 ./Core/Src/stm32l0xx_it.o
 .debug_line    0x00002725      0x82d ./Core/Src/system_stm32l0xx.o
 .debug_line    0x00002f52       0x7b ./Core/Startup/startup_stm32l073rztx.o
 .debug_line    0x00002fcd      0xaec ./Drivers/STM32L0xx_HAL_Driver/Src/stm32l0xx_hal.o
 .debug_line    0x00003ab9      0xbbd ./Drivers/STM32L0xx_HAL_Driver/Src/stm32l0xx_hal_cortex.o
 .debug_line    0x00004676      0xa3b ./Drivers/STM32L0xx_HAL_Driver/Src/stm32l0xx_hal_crc.o
 .debug_line    0x000050b1      0x838 ./Drivers/STM32L0xx_HAL_Driver/Src/stm32l0xx_hal_crc_ex.o
 .debug_line    0x000058e9      0xb3c ./Drivers/STM32L0xx_HAL_Driver/Src/stm32l0xx_hal_flash.o
 .debug_line    0x00006425      0xea8 ./Drivers/STM32L0xx_HAL_Driver/Src/stm32l0xx_hal_flash_ex.o
 .debug_line    0x000072cd      0xb61 ./Drivers/STM32L0xx_HAL_Driver/Src/stm32l0xx_hal_gpio.o
 .debug_line    0x00007e2e     0x104d ./Drivers/STM32L0xx_HAL_Driver/Src/stm32l0xx_hal_rcc.o
 .debug_line    0x00008e7b      0xea2 ./Drivers/STM32L0xx_HAL_Driver/Src/stm32l0xx_hal_rcc_ex.o
 .debug_line    0x00009d1d     0x2ebe ./Drivers/STM32L0xx_HAL_Driver/Src/stm32l0xx_hal_uart.o

.debug_str      0x00000000    0x7ee05
 .debug_str     0x00000000    0x7ee05 ./Core/Src/bootloader.o
                              0x7cb92 (size before relaxing)
 .debug_str     0x0007ee05    0x7cd26 ./Core/Src/main.o
 .debug_str     0x0007ee05    0x795de ./Core/Src/stm32l0xx_hal_msp.o
 .debug_str     0x0007ee05    0x78f20 ./Core/Src/stm32l0xx_it.o
 .debug_str     0x0007ee05    0x78f9e ./Core/Src/system_stm32l0xx.o
 .debug_str     0x0007ee05       0x90 ./Core/Startup/startup_stm32l073rztx.o
 .debug_str     0x0007ee05    0x796d2 ./Drivers/STM32L0xx_HAL_Driver/Src/stm32l0xx_hal.o
 .debug_str     0x0007ee05    0x7945e ./Drivers/STM32L0xx_HAL_Driver/Src/stm32l0xx_hal_cortex.o
 .debug_str     0x0007ee05    0x79165 ./Drivers/STM32L0xx_HAL_Driver/Src/stm32l0xx_hal_crc.o
 .debug_str     0x0007ee05    0x7911f ./Drivers/STM32L0xx_HAL_Driver/Src/stm32l0xx_hal_crc_ex.o
 .debug_str     0x0007ee05    0x791a8 ./Drivers/STM32L0xx_HAL_Driver/Src/stm32l0xx_hal_flash.o
 .debug_str     0x0007ee05    0x794f7 ./Drivers/STM32L0xx_HAL_Driver/Src/stm32l0xx_hal_flash_ex.o
 .debug_str     0x0007ee05    0x7913e ./Drivers/STM32L0xx_HAL_Driver/Src/stm32l0xx_hal_gpio.o
 .debug_str     0x0007ee05    0x794d7 ./Drivers/STM32L0xx_HAL_Driver/Src/stm32l0xx_hal_rcc.o
 .debug_str     0x0007ee05    0x794a1 ./Drivers/STM32L0xx_HAL_Driver/Src/stm32l0xx_hal_rcc_ex.o
 .debug_str     0x0007ee05    0x79d5e ./Drivers/STM32L0xx_HAL_Driver/Src/stm32l0xx_hal_uart.o

.comment        0x00000000       0x43
 .comment       0x00000000       0x43 ./Core/Src/bootloader.o
                                 0x44 (size before relaxing)
 .comment       0x00000043       0x44 ./Core/Src/main.o
 .comment       0x00000043       0x44 ./Core/Src/stm32l0xx_hal_msp.o
 .comment       0x00000043       0x44 ./Core/Src/stm32l0xx_it.o
 .comment       0x00000043       0x44 ./Core/Src/system_stm32l0xx.o
 .comment       0x00000043       0x44 ./Drivers/STM32L0xx_HAL_Driver/Src/stm32l0xx_hal.o
 .comment       0x00000043       0x44 ./Drivers/STM32L0xx_HAL_Driver/Src/stm32l0xx_hal_cortex.o
 .comment       0x00000043       0x44 ./Drivers/STM32L0xx_HAL_Driver/Src/stm32l0xx_hal_crc.o
 .comment       0x00000043       0x44 ./Drivers/STM32L0xx_HAL_Driver/Src/stm32l0xx_hal_crc_ex.o
 .comment       0x00000043       0x44 ./Drivers/STM32L0xx_HAL_Driver/Src/stm32l0xx_hal_flash.o
 .comment       0x00000043       0x44 ./Drivers/STM32L0xx_HAL_Driver/Src/stm32l0xx_hal_flash_ex.o
 .comment       0x00000043       0x44 ./Drivers/STM32L0xx_HAL_Driver/Src/stm32l0xx_hal_gpio.o
 .comment       0x00000043       0x44 ./Drivers/STM32L0xx_HAL_Driver/Src/stm32l0xx_hal_rcc.o
 .comment       0x00000043       0x44 ./Drivers/STM32L0xx_HAL_Driver/Src/stm32l0xx_hal_rcc_ex.o
 .comment       0x00000043       0x44 ./Drivers/STM32L0xx_HAL_Driver/Src/stm32l0xx_hal_uart.o

.debug_frame    0x00000000     0x2038
 .debug_frame   0x00000000      0x1f4 ./Core/Src/bootloader.o
 .debug_frame   0x000001f4       0xfc ./Core/Src/main.o
 .debug_frame   0x000002f0       0xac ./Core/Src/stm32l0xx_hal_msp.o
 .debug_frame   0x0000039c       0x9c ./Core/Src/stm32l0xx_it.o
 .debug_frame   0x00000438       0x4c ./Core/Src/system_stm32l0xx.o
 .debug_frame   0x00000484      0x394 ./Drivers/STM32L0xx_HAL_Driver/Src/stm32l0xx_hal.o
 .debug_frame   0x00000818      0x33c ./Drivers/STM32L0xx_HAL_Driver/Src/stm32l0xx_hal_cortex.o
 .debug_frame   0x00000b54      0x130 ./Drivers/STM32L0xx_HAL_Driver/Src/stm32l0xx_hal_crc.o
 .debug_frame   0x00000c84       0x70 ./Drivers/STM32L0xx_HAL_Driver/Src/stm32l0xx_hal_crc_ex.o
 .debug_frame   0x00000cf4      0x1a4 ./Drivers/STM32L0xx_HAL_Driver/Src/stm32l0xx_hal_flash.o
 .debug_frame   0x00000e98      0x384 ./Drivers/STM32L0xx_HAL_Driver/Src/stm32l0xx_hal_flash_ex.o
 .debug_frame   0x0000121c      0x110 ./Drivers/STM32L0xx_HAL_Driver/Src/stm32l0xx_hal_gpio.o
 .debug_frame   0x0000132c      0x1a4 ./Drivers/STM32L0xx_HAL_Driver/Src/stm32l0xx_hal_rcc.o
 .debug_frame   0x000014d0      0x244 ./Drivers/STM32L0xx_HAL_Driver/Src/stm32l0xx_hal_rcc_ex.o
 .debug_frame   0x00001714      0x854 ./Drivers/STM32L0xx_HAL_Driver/Src/stm32l0xx_hal_uart.o
 .debug_frame   0x00001f68       0x20 C:/ST/STM32CubeIDE_1.16.1/STM32CubeIDE/plugins/com.st.stm32cube.ide.mcu.externaltools.gnu-tools-for-stm32.13.3.rel1.win32_1.0.0.202411081344/tools/bin/../lib/gcc/arm-none-eabi/13.3.1/../../../../arm-none-eabi/lib/thumb/v6-m/nofp\libc_nano.a(libc_a-memset.o)
 .debug_frame   0x00001f88       0x2c C:/ST/STM32CubeIDE_1.16.1/STM32CubeIDE/plugins/com.st.stm32cube.ide.mcu.externaltools.gnu-tools-for-stm32.13.3.rel1.win32_1.0.0.202411081344/tools/bin/../lib/gcc/arm-none-eabi/13.3.1/../../../../arm-none-eabi/lib/thumb/v6-m/nofp\libc_nano.a(libc_a-init.o)
 .debug_frame   0x00001fb4       0x28 C:/ST/STM32CubeIDE_1.16.1/STM32CubeIDE/plugins/com.st.stm32cube.ide.mcu.externaltools.gnu-tools-for-stm32.13.3.rel1.win32_1.0.0.202411081344/tools/bin/../lib/gcc/arm-none-eabi/13.3.1/../../../../arm-none-eabi/lib/thumb/v6-m/nofp\libc_nano.a(libc_a-memcpy-stub.o)
 .debug_frame   0x00001fdc       0x20 C:/ST/STM32CubeIDE_1.16.1/STM32CubeIDE/plugins/com.st.stm32cube.ide.mcu.externaltools.gnu-tools-for-stm32.13.3.rel1.win32_1.0.0.202411081344/tools/bin/../lib/gcc/arm-none-eabi/13.3.1/thumb/v6-m/nofp\libgcc.a(_udivsi3.o)
 .debug_frame   0x00001ffc       0x3c C:/ST/STM32CubeIDE_1.16.1/STM32CubeIDE/plugins/com.st.stm32cube.ide.mcu.externaltools.gnu-tools-for-stm32.13.3.rel1.win32_1.0.0.202411081344/tools/bin/../lib/gcc/arm-none-eabi/13.3.1/thumb/v6-m/nofp\libgcc.a(_udivmoddi4.o)

.debug_line_str
                0x00000000       0x74
 .debug_line_str
                0x00000000       0x74 ./Core/Startup/startup_stm32l073rztx.o
