../Core/Src/main.c:66:6:bootloader_main	16	static
../Core/Src/main.c:95:1:__io_putchar	16	static
../Core/Src/main.c:106:5:main	8	static
../Core/Src/main.c:155:6:SystemClock_Config	88	static
../Core/Src/main.c:197:13:MX_CRC_Init	8	static
../Core/Src/main.c:223:13:MX_USART1_UART_Init	8	static
../Core/Src/main.c:256:13:MX_USART2_UART_Init	8	static
../Core/Src/main.c:289:13:MX_USART6_UART_Init	8	static
../Core/Src/main.c:322:13:MX_GPIO_Init	40	static
../Core/Src/main.c:360:6:Error_Handler	4	static,ignoring_inline_asm
